<html>
<body>
<pre>
<h1>µVision Build Log</h1>
<h2>Project:</h2>
C:\Keil\svn\ee319k\instructor_resources\Lab9_EE319K\Lab9.uvproj
Project File Date:  04/12/2016

<h2>Output:</h2>
Rebuild target 'Lab9'
assembling startup.s...
assembling LCD.s...
assembling Print.s...
compiling ADC.c...
compiling ST7735.c...
compiling UART.c...
UART.c(38): warning:  #1-D: last line of file ends without a newline
compiling Lab9.c...
UART.h(29): warning:  #1-D: last line of file ends without a newline
compiling FiFo.c...
linking...
Program Size: Code=3864 RO-data=2292 RW-data=92 ZI-data=1180  
".\Lab9.axf" - 0 Errors, 2 Warning(s).
Rebuild target 'Lab9'
assembling startup.s...
assembling LCD.s...
assembling Print.s...
compiling ADC.c...
compiling ST7735.c...
compiling UART.c...
compiling Lab9.c...
compiling FiFo.c...
linking...
Program Size: Code=3864 RO-data=2292 RW-data=92 ZI-data=1180  
".\Lab9.axf" - 0 Errors, 0 Warning(s).
Rebuild target 'Lab9'
assembling startup.s...
assembling LCD.s...
assembling Print.s...
compiling ADC.c...
compiling ST7735.c...
compiling UART.c...
compiling Lab9.c...
compiling FiFo.c...
linking...
Program Size: Code=3864 RO-data=2292 RW-data=92 ZI-data=1180  
".\Lab9.axf" - 0 Errors, 0 Warning(s).
Rebuild target 'Lab9'
assembling startup.s...
assembling LCD.s...
assembling Print.s...
compiling ADC.c...
compiling ST7735.c...
compiling UART.c...
compiling Lab9.c...
compiling FiFo.c...
linking...
Program Size: Code=3868 RO-data=2292 RW-data=92 ZI-data=1180  
".\Lab9.axf" - 0 Errors, 0 Warning(s).
Clean started: Project: 'Lab9'
   deleting intermediate output files for target 'Lab9'
