<html>
<body>
<pre>
<h1>µVision Build Log</h1>
<h2>Project:</h2>
C:\Keil\EE319KwareSpring2016\Lab6_EE319K_C\Lab6.uvproj
Project File Date:  03/22/2016

<h2>Output:</h2>
Rebuild target 'Lab6'
assembling startup.s...
compiling Sound.c...
globals.h(4): warning:  #1-D: last line of file ends without a newline
        
Sound.c: 1 warning, 0 errors
compiling piano.c...
compiling dac.c...
globals.h(4): warning:  #1-D: last line of file ends without a newline
        
dac.c: 1 warning, 0 errors
compiling Lab6.c...
globals.h(4): warning:  #1-D: last line of file ends without a newline
        
Lab6.c: 1 warning, 0 errors
compiling SysTick.c...
linking...
Program Size: Code=6320 RO-data=9592 RW-data=128 ZI-data=1816  
".\Lab6.axf" - 0 Error(s), 3 Warning(s).
</pre>
</body>
</html>
